[     843ms] [INFO] %cDownload the React DevTools for a better development experience: https://react.dev/link/react-devtools font-weight:bold @ http://localhost:5173/node_modules/.vite/deps/react-dom_client.js?v=b7c1d4ab:14337
[    1925ms] [ERROR] Access to XMLHttpRequest at 'http://localhost:8000/api/market/orders?exchange=binance&pair=USDT%2FUAH&mode=buy&top=15' from origin 'http://localhost:5173' has been blocked by CORS policy: No 'Access-Control-Allow-Origin' header is present on the requested resource. @ http://localhost:5173/:0
[    1925ms] [ERROR] Failed to load resource: net::ERR_FAILED @ http://localhost:8000/api/market/orders?exchange=binance&pair=USDT%2FUAH&mode=buy&top=15:0
[    2173ms] [ERROR] Access to XMLHttpRequest at 'http://localhost:8000/api/market/orders?exchange=binance&pair=USDT%2FUAH&mode=buy&top=15' from origin 'http://localhost:5173' has been blocked by CORS policy: No 'Access-Control-Allow-Origin' header is present on the requested resource. @ http://localhost:5173/:0
[    2173ms] [ERROR] Failed to load resource: net::ERR_FAILED @ http://localhost:8000/api/market/orders?exchange=binance&pair=USDT%2FUAH&mode=buy&top=15:0
[   31003ms] [ERROR] Access to XMLHttpRequest at 'http://localhost:8000/api/market/orders?exchange=binance&pair=USDT%2FUAH&mode=buy&top=15' from origin 'http://localhost:5173' has been blocked by CORS policy: No 'Access-Control-Allow-Origin' header is present on the requested resource. @ http://localhost:5173/:0
[   31004ms] [ERROR] Failed to load resource: net::ERR_FAILED @ http://localhost:8000/api/market/orders?exchange=binance&pair=USDT%2FUAH&mode=buy&top=15:0
[   61173ms] [ERROR] Access to XMLHttpRequest at 'http://localhost:8000/api/market/orders?exchange=binance&pair=USDT%2FUAH&mode=buy&top=15' from origin 'http://localhost:5173' has been blocked by CORS policy: No 'Access-Control-Allow-Origin' header is present on the requested resource. @ http://localhost:5173/:0
[   61173ms] [ERROR] Failed to load resource: net::ERR_FAILED @ http://localhost:8000/api/market/orders?exchange=binance&pair=USDT%2FUAH&mode=buy&top=15:0
[   85376ms] [INFO] %cDownload the React DevTools for a better development experience: https://react.dev/link/react-devtools font-weight:bold @ http://localhost:5173/node_modules/.vite/deps/react-dom_client.js?v=b7c1d4ab:14337
[   85557ms] [ERROR] Access to XMLHttpRequest at 'http://localhost:8000/api/market/orders?exchange=binance&pair=USDT%2FUAH&mode=buy&top=15' from origin 'http://localhost:5173' has been blocked by CORS policy: No 'Access-Control-Allow-Origin' header is present on the requested resource. @ http://localhost:5173/:0
[   85557ms] [ERROR] Failed to load resource: net::ERR_FAILED @ http://localhost:8000/api/market/orders?exchange=binance&pair=USDT%2FUAH&mode=buy&top=15:0
[   85847ms] [ERROR] Access to XMLHttpRequest at 'http://localhost:8000/api/market/orders?exchange=binance&pair=USDT%2FUAH&mode=buy&top=15' from origin 'http://localhost:5173' has been blocked by CORS policy: No 'Access-Control-Allow-Origin' header is present on the requested resource. @ http://localhost:5173/:0
[   85849ms] [ERROR] Failed to load resource: net::ERR_FAILED @ http://localhost:8000/api/market/orders?exchange=binance&pair=USDT%2FUAH&mode=buy&top=15:0
[   98641ms] [INFO] %cDownload the React DevTools for a better development experience: https://react.dev/link/react-devtools font-weight:bold @ http://localhost:5173/node_modules/.vite/deps/react-dom_client.js?v=b7c1d4ab:14337
[   99096ms] [ERROR] Access to XMLHttpRequest at 'http://localhost:8000/api/market/orders?exchange=binance&pair=USDT%2FUAH&mode=buy&top=15' from origin 'http://localhost:5173' has been blocked by CORS policy: No 'Access-Control-Allow-Origin' header is present on the requested resource. @ http://localhost:5173/:0
[   99096ms] [ERROR] Failed to load resource: net::ERR_FAILED @ http://localhost:8000/api/market/orders?exchange=binance&pair=USDT%2FUAH&mode=buy&top=15:0
[   99232ms] [ERROR] Access to XMLHttpRequest at 'http://localhost:8000/api/market/orders?exchange=binance&pair=USDT%2FUAH&mode=buy&top=15' from origin 'http://localhost:5173' has been blocked by CORS policy: No 'Access-Control-Allow-Origin' header is present on the requested resource. @ http://localhost:5173/:0
[   99234ms] [ERROR] Failed to load resource: net::ERR_FAILED @ http://localhost:8000/api/market/orders?exchange=binance&pair=USDT%2FUAH&mode=buy&top=15:0
[  139710ms] [INFO] %cDownload the React DevTools for a better development experience: https://react.dev/link/react-devtools font-weight:bold @ http://localhost:5173/node_modules/.vite/deps/react-dom_client.js?v=b7c1d4ab:14337
[  589905ms] [ERROR] Access to XMLHttpRequest at 'http://localhost:8000/api/market/orders?exchange=binance&pair=USDT%2FUAH&mode=buy&top=15' from origin 'http://localhost:5173' has been blocked by CORS policy: No 'Access-Control-Allow-Origin' header is present on the requested resource. @ http://localhost:5173/:0
[  589906ms] [ERROR] Failed to load resource: net::ERR_FAILED @ http://localhost:8000/api/market/orders?exchange=binance&pair=USDT%2FUAH&mode=buy&top=15:0
[  620203ms] [ERROR] Access to XMLHttpRequest at 'http://localhost:8000/api/market/orders?exchange=binance&pair=USDT%2FUAH&mode=buy&top=15' from origin 'http://localhost:5173' has been blocked by CORS policy: No 'Access-Control-Allow-Origin' header is present on the requested resource. @ http://localhost:5173/:0
[  620203ms] [ERROR] Failed to load resource: net::ERR_FAILED @ http://localhost:8000/api/market/orders?exchange=binance&pair=USDT%2FUAH&mode=buy&top=15:0
[  650219ms] [ERROR] Access to XMLHttpRequest at 'http://localhost:8000/api/market/orders?exchange=binance&pair=USDT%2FUAH&mode=buy&top=15' from origin 'http://localhost:5173' has been blocked by CORS policy: No 'Access-Control-Allow-Origin' header is present on the requested resource. @ http://localhost:5173/:0
[  650219ms] [ERROR] Failed to load resource: net::ERR_FAILED @ http://localhost:8000/api/market/orders?exchange=binance&pair=USDT%2FUAH&mode=buy&top=15:0
[  680103ms] [ERROR] Access to XMLHttpRequest at 'http://localhost:8000/api/market/orders?exchange=binance&pair=USDT%2FUAH&mode=buy&top=15' from origin 'http://localhost:5173' has been blocked by CORS policy: No 'Access-Control-Allow-Origin' header is present on the requested resource. @ http://localhost:5173/:0
[  680106ms] [ERROR] Failed to load resource: net::ERR_FAILED @ http://localhost:8000/api/market/orders?exchange=binance&pair=USDT%2FUAH&mode=buy&top=15:0
[  709868ms] [ERROR] Access to XMLHttpRequest at 'http://localhost:8000/api/market/orders?exchange=binance&pair=USDT%2FUAH&mode=buy&top=15' from origin 'http://localhost:5173' has been blocked by CORS policy: No 'Access-Control-Allow-Origin' header is present on the requested resource. @ http://localhost:5173/:0
[  709869ms] [ERROR] Failed to load resource: net::ERR_FAILED @ http://localhost:8000/api/market/orders?exchange=binance&pair=USDT%2FUAH&mode=buy&top=15:0
[  740603ms] [ERROR] Access to XMLHttpRequest at 'http://localhost:8000/api/market/orders?exchange=binance&pair=USDT%2FUAH&mode=buy&top=15' from origin 'http://localhost:5173' has been blocked by CORS policy: No 'Access-Control-Allow-Origin' header is present on the requested resource. @ http://localhost:5173/:0
[  740603ms] [ERROR] Failed to load resource: net::ERR_FAILED @ http://localhost:8000/api/market/orders?exchange=binance&pair=USDT%2FUAH&mode=buy&top=15:0
[  769870ms] [ERROR] Access to XMLHttpRequest at 'http://localhost:8000/api/market/orders?exchange=binance&pair=USDT%2FUAH&mode=buy&top=15' from origin 'http://localhost:5173' has been blocked by CORS policy: No 'Access-Control-Allow-Origin' header is present on the requested resource. @ http://localhost:5173/:0
[  769870ms] [ERROR] Failed to load resource: net::ERR_FAILED @ http://localhost:8000/api/market/orders?exchange=binance&pair=USDT%2FUAH&mode=buy&top=15:0
[  800310ms] [ERROR] Access to XMLHttpRequest at 'http://localhost:8000/api/market/orders?exchange=binance&pair=USDT%2FUAH&mode=buy&top=15' from origin 'http://localhost:5173' has been blocked by CORS policy: No 'Access-Control-Allow-Origin' header is present on the requested resource. @ http://localhost:5173/:0
[  800311ms] [ERROR] Failed to load resource: net::ERR_FAILED @ http://localhost:8000/api/market/orders?exchange=binance&pair=USDT%2FUAH&mode=buy&top=15:0
[  829991ms] [ERROR] Access to XMLHttpRequest at 'http://localhost:8000/api/market/orders?exchange=binance&pair=USDT%2FUAH&mode=buy&top=15' from origin 'http://localhost:5173' has been blocked by CORS policy: No 'Access-Control-Allow-Origin' header is present on the requested resource. @ http://localhost:5173/:0
[  829991ms] [ERROR] Failed to load resource: net::ERR_FAILED @ http://localhost:8000/api/market/orders?exchange=binance&pair=USDT%2FUAH&mode=buy&top=15:0
[ 1010226ms] [ERROR] Access to XMLHttpRequest at 'http://localhost:8000/api/market/orders?exchange=binance&pair=USDT%2FUAH&mode=buy&top=15' from origin 'http://localhost:5173' has been blocked by CORS policy: No 'Access-Control-Allow-Origin' header is present on the requested resource. @ http://localhost:5173/:0
[ 1010227ms] [ERROR] Failed to load resource: net::ERR_FAILED @ http://localhost:8000/api/market/orders?exchange=binance&pair=USDT%2FUAH&mode=buy&top=15:0
[ 1040024ms] [ERROR] Access to XMLHttpRequest at 'http://localhost:8000/api/market/orders?exchange=binance&pair=USDT%2FUAH&mode=buy&top=15' from origin 'http://localhost:5173' has been blocked by CORS policy: No 'Access-Control-Allow-Origin' header is present on the requested resource. @ http://localhost:5173/:0
[ 1040025ms] [ERROR] Failed to load resource: net::ERR_FAILED @ http://localhost:8000/api/market/orders?exchange=binance&pair=USDT%2FUAH&mode=buy&top=15:0
[ 1069880ms] [ERROR] Access to XMLHttpRequest at 'http://localhost:8000/api/market/orders?exchange=binance&pair=USDT%2FUAH&mode=buy&top=15' from origin 'http://localhost:5173' has been blocked by CORS policy: No 'Access-Control-Allow-Origin' header is present on the requested resource. @ http://localhost:5173/:0
[ 1069880ms] [ERROR] Failed to load resource: net::ERR_FAILED @ http://localhost:8000/api/market/orders?exchange=binance&pair=USDT%2FUAH&mode=buy&top=15:0
[ 1093861ms] [ERROR] Failed to load resource: the server responded with a status of 500 (Internal Server Error) @ http://localhost:5173/src/components/OrdersTable.tsx?t=1779027369074:0
[ 1093862ms] [ERROR] [vite] Failed to reload /src/components/OrdersTable.tsx. This could be due to syntax errors or importing non-existent modules. (see errors above) @ http://localhost:5173/@vite/client:904
[ 1100259ms] [ERROR] Access to XMLHttpRequest at 'http://localhost:8000/api/market/orders?exchange=binance&pair=USDT%2FUAH&mode=buy&top=15' from origin 'http://localhost:5173' has been blocked by CORS policy: No 'Access-Control-Allow-Origin' header is present on the requested resource. @ http://localhost:5173/:0
[ 1100260ms] [ERROR] Failed to load resource: net::ERR_FAILED @ http://localhost:8000/api/market/orders?exchange=binance&pair=USDT%2FUAH&mode=buy&top=15:0
