[     193ms] [INFO] %cDownload the React DevTools for a better development experience: https://react.dev/link/react-devtools font-weight:bold @ http://localhost:5173/node_modules/.vite/deps/react-dom_client.js?v=b7c1d4ab:14337
[   48651ms] [INFO] %cDownload the React DevTools for a better development experience: https://react.dev/link/react-devtools font-weight:bold @ http://localhost:5173/node_modules/.vite/deps/react-dom_client.js?v=b7c1d4ab:14337
[   57495ms] [INFO] %cDownload the React DevTools for a better development experience: https://react.dev/link/react-devtools font-weight:bold @ http://localhost:5173/node_modules/.vite/deps/react-dom_client.js?v=b7c1d4ab:14337
[   60986ms] [INFO] %cDownload the React DevTools for a better development experience: https://react.dev/link/react-devtools font-weight:bold @ http://localhost:5173/node_modules/.vite/deps/react-dom_client.js?v=b7c1d4ab:14337
[   62957ms] [INFO] %cDownload the React DevTools for a better development experience: https://react.dev/link/react-devtools font-weight:bold @ http://localhost:5173/node_modules/.vite/deps/react-dom_client.js?v=b7c1d4ab:14337
[   66544ms] [INFO] %cDownload the React DevTools for a better development experience: https://react.dev/link/react-devtools font-weight:bold @ http://localhost:5173/node_modules/.vite/deps/react-dom_client.js?v=b7c1d4ab:14337
[  186981ms] [ERROR] Access to XMLHttpRequest at 'http://localhost:8000/api/market/orders?exchange=binance&pair=USDT%2FUAH&mode=buy&top=15' from origin 'http://localhost:5173' has been blocked by CORS policy: No 'Access-Control-Allow-Origin' header is present on the requested resource. @ http://localhost:5173/:0
[  186982ms] [ERROR] Failed to load resource: net::ERR_FAILED @ http://localhost:8000/api/market/orders?exchange=binance&pair=USDT%2FUAH&mode=buy&top=15:0
[  216680ms] [ERROR] Access to XMLHttpRequest at 'http://localhost:8000/api/market/orders?exchange=binance&pair=USDT%2FUAH&mode=buy&top=15' from origin 'http://localhost:5173' has been blocked by CORS policy: No 'Access-Control-Allow-Origin' header is present on the requested resource. @ http://localhost:5173/:0
[  216682ms] [ERROR] Failed to load resource: net::ERR_FAILED @ http://localhost:8000/api/market/orders?exchange=binance&pair=USDT%2FUAH&mode=buy&top=15:0
[  246910ms] [ERROR] Access to XMLHttpRequest at 'http://localhost:8000/api/market/orders?exchange=binance&pair=USDT%2FUAH&mode=buy&top=15' from origin 'http://localhost:5173' has been blocked by CORS policy: No 'Access-Control-Allow-Origin' header is present on the requested resource. @ http://localhost:5173/:0
[  246910ms] [ERROR] Failed to load resource: net::ERR_FAILED @ http://localhost:8000/api/market/orders?exchange=binance&pair=USDT%2FUAH&mode=buy&top=15:0
[  276698ms] [ERROR] Access to XMLHttpRequest at 'http://localhost:8000/api/market/orders?exchange=binance&pair=USDT%2FUAH&mode=buy&top=15' from origin 'http://localhost:5173' has been blocked by CORS policy: No 'Access-Control-Allow-Origin' header is present on the requested resource. @ http://localhost:5173/:0
[  276701ms] [ERROR] Failed to load resource: net::ERR_FAILED @ http://localhost:8000/api/market/orders?exchange=binance&pair=USDT%2FUAH&mode=buy&top=15:0
[  307026ms] [ERROR] Access to XMLHttpRequest at 'http://localhost:8000/api/market/orders?exchange=binance&pair=USDT%2FUAH&mode=buy&top=15' from origin 'http://localhost:5173' has been blocked by CORS policy: No 'Access-Control-Allow-Origin' header is present on the requested resource. @ http://localhost:5173/:0
[  307027ms] [ERROR] Failed to load resource: net::ERR_FAILED @ http://localhost:8000/api/market/orders?exchange=binance&pair=USDT%2FUAH&mode=buy&top=15:0
[  336693ms] [ERROR] Access to XMLHttpRequest at 'http://localhost:8000/api/market/orders?exchange=binance&pair=USDT%2FUAH&mode=buy&top=15' from origin 'http://localhost:5173' has been blocked by CORS policy: No 'Access-Control-Allow-Origin' header is present on the requested resource. @ http://localhost:5173/:0
[  336695ms] [ERROR] Failed to load resource: net::ERR_FAILED @ http://localhost:8000/api/market/orders?exchange=binance&pair=USDT%2FUAH&mode=buy&top=15:0
[  366830ms] [ERROR] Access to XMLHttpRequest at 'http://localhost:8000/api/market/orders?exchange=binance&pair=USDT%2FUAH&mode=buy&top=15' from origin 'http://localhost:5173' has been blocked by CORS policy: No 'Access-Control-Allow-Origin' header is present on the requested resource. @ http://localhost:5173/:0
[  366831ms] [ERROR] Failed to load resource: net::ERR_FAILED @ http://localhost:8000/api/market/orders?exchange=binance&pair=USDT%2FUAH&mode=buy&top=15:0
[  397014ms] [ERROR] Access to XMLHttpRequest at 'http://localhost:8000/api/market/orders?exchange=binance&pair=USDT%2FUAH&mode=buy&top=15' from origin 'http://localhost:5173' has been blocked by CORS policy: No 'Access-Control-Allow-Origin' header is present on the requested resource. @ http://localhost:5173/:0
[  397017ms] [ERROR] Failed to load resource: net::ERR_FAILED @ http://localhost:8000/api/market/orders?exchange=binance&pair=USDT%2FUAH&mode=buy&top=15:0
[  426861ms] [ERROR] Access to XMLHttpRequest at 'http://localhost:8000/api/market/orders?exchange=binance&pair=USDT%2FUAH&mode=buy&top=15' from origin 'http://localhost:5173' has been blocked by CORS policy: No 'Access-Control-Allow-Origin' header is present on the requested resource. @ http://localhost:5173/:0
[  426862ms] [ERROR] Failed to load resource: net::ERR_FAILED @ http://localhost:8000/api/market/orders?exchange=binance&pair=USDT%2FUAH&mode=buy&top=15:0
[  456698ms] [ERROR] Access to XMLHttpRequest at 'http://localhost:8000/api/market/orders?exchange=binance&pair=USDT%2FUAH&mode=buy&top=15' from origin 'http://localhost:5173' has been blocked by CORS policy: No 'Access-Control-Allow-Origin' header is present on the requested resource. @ http://localhost:5173/:0
[  456701ms] [ERROR] Failed to load resource: net::ERR_FAILED @ http://localhost:8000/api/market/orders?exchange=binance&pair=USDT%2FUAH&mode=buy&top=15:0
[  487016ms] [ERROR] Access to XMLHttpRequest at 'http://localhost:8000/api/market/orders?exchange=binance&pair=USDT%2FUAH&mode=buy&top=15' from origin 'http://localhost:5173' has been blocked by CORS policy: No 'Access-Control-Allow-Origin' header is present on the requested resource. @ http://localhost:5173/:0
[  487017ms] [ERROR] Failed to load resource: net::ERR_FAILED @ http://localhost:8000/api/market/orders?exchange=binance&pair=USDT%2FUAH&mode=buy&top=15:0
[  797948ms] [INFO] %cDownload the React DevTools for a better development experience: https://react.dev/link/react-devtools font-weight:bold @ http://localhost:5173/node_modules/.vite/deps/react-dom_client.js?v=b7c1d4ab:14337
[  804564ms] [INFO] %cDownload the React DevTools for a better development experience: https://react.dev/link/react-devtools font-weight:bold @ http://localhost:5173/node_modules/.vite/deps/react-dom_client.js?v=b7c1d4ab:14337
[ 1056598ms] [INFO] %cDownload the React DevTools for a better development experience: https://react.dev/link/react-devtools font-weight:bold @ http://localhost:5173/node_modules/.vite/deps/react-dom_client.js?v=b7c1d4ab:14337
